// Jest Snapshot v1, https://goo.gl/fbAQLP

exports[`currentUser 1`] = `
Object {
  "data": Object {
    "currentUser": null,
  },
}
`;
